Archive member included because of file (symbol)

c:/freescale/kds_v3/toolchain/bin/../lib/gcc/arm-none-eabi/4.8.4/armv7e-m/fpu\libgcc.a(_arm_addsubdf3.o)
                              ./Sources/PLAYER.o (__aeabi_i2d)
c:/freescale/kds_v3/toolchain/bin/../lib/gcc/arm-none-eabi/4.8.4/armv7e-m/fpu\libgcc.a(_arm_muldivdf3.o)
                              ./Sources/PLAYER.o (__aeabi_dmul)
c:/freescale/kds_v3/toolchain/bin/../lib/gcc/arm-none-eabi/4.8.4/armv7e-m/fpu\libgcc.a(_arm_fixdfsi.o)
                              ./Sources/PLAYER.o (__aeabi_d2iz)
c:/freescale/kds_v3/toolchain/bin/../lib/gcc/arm-none-eabi/4.8.4/../../../../arm-none-eabi/lib/armv7e-m/fpu\libg_s.a(lib_a-exit.o)
                              c:/freescale/kds_v3/toolchain/bin/../lib/gcc/arm-none-eabi/4.8.4/../../../../arm-none-eabi/lib/armv7e-m/fpu/crt0.o (exit)
c:/freescale/kds_v3/toolchain/bin/../lib/gcc/arm-none-eabi/4.8.4/../../../../arm-none-eabi/lib/armv7e-m/fpu\libg_s.a(lib_a-impure.o)
                              c:/freescale/kds_v3/toolchain/bin/../lib/gcc/arm-none-eabi/4.8.4/../../../../arm-none-eabi/lib/armv7e-m/fpu\libg_s.a(lib_a-exit.o) (_global_impure_ptr)
c:/freescale/kds_v3/toolchain/bin/../lib/gcc/arm-none-eabi/4.8.4/../../../../arm-none-eabi/lib/armv7e-m/fpu\libg_s.a(lib_a-init.o)
                              c:/freescale/kds_v3/toolchain/bin/../lib/gcc/arm-none-eabi/4.8.4/../../../../arm-none-eabi/lib/armv7e-m/fpu/crt0.o (__libc_init_array)
c:/freescale/kds_v3/toolchain/bin/../lib/gcc/arm-none-eabi/4.8.4/../../../../arm-none-eabi/lib/armv7e-m/fpu\libg_s.a(lib_a-memset.o)
                              c:/freescale/kds_v3/toolchain/bin/../lib/gcc/arm-none-eabi/4.8.4/../../../../arm-none-eabi/lib/armv7e-m/fpu/crt0.o (memset)
c:/freescale/kds_v3/toolchain/bin/../lib/gcc/arm-none-eabi/4.8.4/../../../../arm-none-eabi/lib/armv7e-m/fpu\libnosys.a(_exit.o)
                              c:/freescale/kds_v3/toolchain/bin/../lib/gcc/arm-none-eabi/4.8.4/../../../../arm-none-eabi/lib/armv7e-m/fpu\libg_s.a(lib_a-exit.o) (_exit)

Allocating common symbols
Common symbol       size              file

address             0x4               ./Sources/SDHC.o
Systick_callback    0x4               ./Sources/SysTick.o
buffer2             0x200             ./Sources/App.o
buffer1             0x200             ./Sources/App.o

Discarded input sections

 .text          0x00000000        0x0 c:/freescale/kds_v3/toolchain/bin/../lib/gcc/arm-none-eabi/4.8.4/armv7e-m/fpu/crti.o
 .data          0x00000000        0x0 c:/freescale/kds_v3/toolchain/bin/../lib/gcc/arm-none-eabi/4.8.4/armv7e-m/fpu/crti.o
 .bss           0x00000000        0x0 c:/freescale/kds_v3/toolchain/bin/../lib/gcc/arm-none-eabi/4.8.4/armv7e-m/fpu/crti.o
 .data          0x00000000        0x4 c:/freescale/kds_v3/toolchain/bin/../lib/gcc/arm-none-eabi/4.8.4/armv7e-m/fpu/crtbegin.o
 .data          0x00000000        0x0 c:/freescale/kds_v3/toolchain/bin/../lib/gcc/arm-none-eabi/4.8.4/../../../../arm-none-eabi/lib/armv7e-m/fpu/crt0.o
 .bss           0x00000000        0x0 c:/freescale/kds_v3/toolchain/bin/../lib/gcc/arm-none-eabi/4.8.4/../../../../arm-none-eabi/lib/armv7e-m/fpu/crt0.o
 .ARM.extab     0x00000000        0x0 c:/freescale/kds_v3/toolchain/bin/../lib/gcc/arm-none-eabi/4.8.4/../../../../arm-none-eabi/lib/armv7e-m/fpu/crt0.o
 .group         0x00000000        0x8 ./Sources/Template/LDM.o
 .group         0x00000000        0x8 ./Sources/Template/LDM.o
 .group         0x00000000        0x8 ./Sources/Template/LDM.o
 .group         0x00000000        0x8 ./Sources/Template/LDM.o
 .group         0x00000000        0x8 ./Sources/Template/LDM.o
 .group         0x00000000        0x8 ./Sources/Template/LDM.o
 .group         0x00000000        0x8 ./Sources/Template/LDM.o
 .group         0x00000000        0x8 ./Sources/Template/LDM.o
 .group         0x00000000        0x8 ./Sources/Template/LDM.o
 .group         0x00000000        0x8 ./Sources/Template/LDM.o
 .group         0x00000000        0x8 ./Sources/Template/LDM.o
 .group         0x00000000        0x8 ./Sources/Template/LDM.o
 .group         0x00000000        0x8 ./Sources/Template/LDM.o
 .group         0x00000000        0x8 ./Sources/Template/LDM.o
 .group         0x00000000        0x8 ./Sources/Template/LDM.o
 .group         0x00000000        0x8 ./Sources/Template/LDM.o
 .group         0x00000000        0x8 ./Sources/Template/LDM.o
 .group         0x00000000        0x8 ./Sources/Template/LDM.o
 .group         0x00000000        0x8 ./Sources/Template/LDM.o
 .group         0x00000000        0x8 ./Sources/Template/LDM.o
 .group         0x00000000        0x8 ./Sources/Template/LDM.o
 .group         0x00000000        0x8 ./Sources/Template/LDM.o
 .group         0x00000000        0x8 ./Sources/Template/LDM.o
 .group         0x00000000        0x8 ./Sources/Template/LDM.o
 .group         0x00000000        0x8 ./Sources/Template/LDM.o
[...]
Memory Configuration

Name             Origin             Length             Attributes
m_interrupts     0x00000000         0x00000400         xr
m_flash_config   0x00000400         0x00000010         xr
m_text           0x00000410         0x000ffbf0         xr
m_data           0x1fff0000         0x00010000         rw
m_data_2         0x20000000         0x00030000         rw
*default*        0x00000000         0xffffffff

Linker script and memory map

LOAD c:/freescale/kds_v3/toolchain/bin/../lib/gcc/arm-none-eabi/4.8.4/armv7e-m/fpu/crti.o
LOAD c:/freescale/kds_v3/toolchain/bin/../lib/gcc/arm-none-eabi/4.8.4/armv7e-m/fpu/crtbegin.o
LOAD c:/freescale/kds_v3/toolchain/bin/../lib/gcc/arm-none-eabi/4.8.4/../../../../arm-none-eabi/lib/armv7e-m/fpu/crt0.o
LOAD ./Sources/Template/LDM.o
LOAD ./Sources/Template/main.o
LOAD ./Sources/App.o
LOAD ./Sources/DAC.o
LOAD ./Sources/FTM.o
LOAD ./Sources/GPIO.o
LOAD ./Sources/IR_driver.o
LOAD ./Sources/PLAYER.o
LOAD ./Sources/PORT.o
LOAD ./Sources/SDHC.o
LOAD ./Sources/SysTick.o
LOAD ./Project_Settings/Startup_Code/startup.o
LOAD ./Project_Settings/Startup_Code/startup_MK64F12.o
LOAD ./Project_Settings/Startup_Code/system_MK64F12.o
LOAD c:/freescale/kds_v3/toolchain/bin/../lib/gcc/arm-none-eabi/4.8.4/../../../../arm-none-eabi/lib/armv7e-m/fpu\libstdc++_s.a
LOAD c:/freescale/kds_v3/toolchain/bin/../lib/gcc/arm-none-eabi/4.8.4/../../../../arm-none-eabi/lib/armv7e-m/fpu\libm.a
START GROUP
LOAD c:/freescale/kds_v3/toolchain/bin/../lib/gcc/arm-none-eabi/4.8.4/armv7e-m/fpu\libgcc.a
LOAD c:/freescale/kds_v3/toolchain/bin/../lib/gcc/arm-none-eabi/4.8.4/../../../../arm-none-eabi/lib/armv7e-m/fpu\libg_s.a
LOAD c:/freescale/kds_v3/toolchain/bin/../lib/gcc/arm-none-eabi/4.8.4/../../../../arm-none-eabi/lib/armv7e-m/fpu\libc_s.a
END GROUP
START GROUP
LOAD c:/freescale/kds_v3/toolchain/bin/../lib/gcc/arm-none-eabi/4.8.4/armv7e-m/fpu\libgcc.a
LOAD c:/freescale/kds_v3/toolchain/bin/../lib/gcc/arm-none-eabi/4.8.4/../../../../arm-none-eabi/lib/armv7e-m/fpu\libc_s.a
LOAD c:/freescale/kds_v3/toolchain/bin/../lib/gcc/arm-none-eabi/4.8.4/../../../../arm-none-eabi/lib/armv7e-m/fpu\libnosys.a
END GROUP
START GROUP
LOAD c:/freescale/kds_v3/toolchain/bin/../lib/gcc/arm-none-eabi/4.8.4/armv7e-m/fpu\libgcc.a
LOAD c:/freescale/kds_v3/toolchain/bin/../lib/gcc/arm-none-eabi/4.8.4/../../../../arm-none-eabi/lib/armv7e-m/fpu\libc_s.a
LOAD c:/freescale/kds_v3/toolchain/bin/../lib/gcc/arm-none-eabi/4.8.4/../../../../arm-none-eabi/lib/armv7e-m/fpu\libnosys.a
END GROUP
LOAD c:/freescale/kds_v3/toolchain/bin/../lib/gcc/arm-none-eabi/4.8.4/armv7e-m/fpu/crtend.o
LOAD c:/freescale/kds_v3/toolchain/bin/../lib/gcc/arm-none-eabi/4.8.4/armv7e-m/fpu/crtn.o
                0x00000400                HEAP_SIZE = DEFINED (__heap_size__)?__heap_size__:0x400
                0x00000400                STACK_SIZE = DEFINED (__stack_size__)?__stack_size__:0x400
                0x00000000                M_VECTOR_RAM_SIZE = DEFINED (__ram_vector_table__)?0x400:0x0

.interrupts     0x00000000      0x400
                0x00000000                __VECTOR_TABLE = .
                0x00000000                . = ALIGN (0x4)
 *(.isr_vector)
 .isr_vector    0x00000000      0x400 ./Project_Settings/Startup_Code/startup_MK64F12.o
                0x00000000                __isr_vector
                0x00000400                . = ALIGN (0x4)

.flash_config   0x00000400       0x10
                0x00000400                . = ALIGN (0x4)
 *(.FlashConfig)
 .FlashConfig   0x00000400       0x10 ./Project_Settings/Startup_Code/startup_MK64F12.o
                0x00000410                . = ALIGN (0x4)

.text           0x00000410     0x2664
                0x00000410                . = ALIGN (0x4)
 *(.text)
 .text          0x00000410       0x54 c:/freescale/kds_v3/toolchain/bin/../lib/gcc/arm-none-eabi/4.8.4/armv7e-m/fpu/crtbegin.o
 .text          0x00000464       0x74 c:/freescale/kds_v3/toolchain/bin/../lib/gcc/arm-none-eabi/4.8.4/../../../../arm-none-eabi/lib/armv7e-m/fpu/crt0.o
                0x00000464                _start
                0x00000464                _mainCRTStartup
 .text          0x000004d8       0x14 ./Project_Settings/Startup_Code/startup_MK64F12.o
                0x000004d8                Reset_Handler
                0x000004e8                DebugMon_Handler
                0x000004e8                I2C0_IRQHandler
                0x000004e8                HardFault_Handler
                0x000004e8                UART3_RX_TX_IRQHandler
                0x000004e8                PendSV_Handler
                0x000004e8                NMI_Handler
                0x000004e8                UART0_RX_TX_IRQHandler
                0x000004e8                I2C1_IRQHandler
                0x000004e8                DMA2_IRQHandler
                0x000004e8                ENET_Error_IRQHandler
                0x000004e8                CAN0_Tx_Warning_IRQHandler
                0x000004e8                PIT0_IRQHandler
                0x000004e8                CAN0_ORed_Message_buffer_IRQHandler
                0x000004e8                CMP2_IRQHandler
                0x000004e8                LLWU_IRQHandler
                0x000004e8                ENET_Receive_IRQHandler
                0x000004e8                ENET_1588_Timer_IRQHandler
                0x000004e8                UART2_RX_TX_IRQHandler
                0x000004e8                SWI_IRQHandler
                0x000004e8                ADC0_IRQHandler
                0x000004e8                UsageFault_Handler
                0x000004e8                I2S0_Tx_IRQHandler
                0x000004e8                CMT_IRQHandler
                0x000004e8                UART4_RX_TX_IRQHandler
                0x000004e8                SPI1_IRQHandler
                0x000004e8                DefaultISR
                0x000004e8                DMA9_IRQHandler
                0x000004e8                DMA14_IRQHandler
                0x000004e8                CMP1_IRQHandler
                0x000004e8                Reserved71_IRQHandler
                0x000004e8                PORTD_IRQHandler
                0x000004e8                PORTB_IRQHandler
                0x000004e8                UART4_ERR_IRQHandler
                0x000004e8                ADC1_IRQHandler
                0x000004e8                I2C2_IRQHandler
                0x000004e8                PIT2_IRQHandler
                0x000004e8                I2S0_Rx_IRQHandler
                0x000004e8                DMA5_IRQHandler
                0x000004e8                RTC_IRQHandler
                0x000004e8                PDB0_IRQHandler
                0x000004e8                CAN0_Rx_Warning_IRQHandler
                0x000004e8                FTM1_IRQHandler
                0x000004e8                UART5_RX_TX_IRQHandler
                0x000004e8                UART3_ERR_IRQHandler
                0x000004e8                PIT3_IRQHandler
                0x000004e8                RTC_Seconds_IRQHandler
                0x000004e8                MCG_IRQHandler
                0x000004e8                FTFE_IRQHandler
                0x000004e8                UART2_ERR_IRQHandler
                0x000004e8                DMA11_IRQHandler
                0x000004e8                UART5_ERR_IRQHandler
                0x000004e8                Read_Collision_IRQHandler
                0x000004e8                DMA7_IRQHandler
                0x000004e8                ENET_Transmit_IRQHandler
                0x000004e8                USBDCD_IRQHandler
                0x000004e8                USB0_IRQHandler
                0x000004e8                SPI2_IRQHandler
                0x000004e8                WDOG_EWM_IRQHandler
                0x000004e8                MemManage_Handler
                0x000004e8                SVC_Handler
                0x000004e8                DMA13_IRQHandler
                0x000004e8                DMA3_IRQHandler
                0x000004e8                UART0_LON_IRQHandler
                0x000004e8                RNG_IRQHandler
                0x000004e8                DMA0_IRQHandler
                0x000004e8                DMA15_IRQHandler
                0x000004e8                DAC0_IRQHandler
                0x000004e8                CAN0_Error_IRQHandler
                0x000004e8                DMA4_IRQHandler
                0x000004e8                PIT1_IRQHandler
                0x000004e8                UART0_ERR_IRQHandler
                0x000004e8                DMA_Error_IRQHandler
                0x000004e8                LVD_LVW_IRQHandler
                0x000004e8                SPI0_IRQHandler
                0x000004e8                FTM0_IRQHandler
                0x000004e8                DAC1_IRQHandler
                0x000004e8                MCM_IRQHandler
                0x000004e8                DMA12_IRQHandler
                0x000004e8                CAN0_Bus_Off_IRQHandler
                0x000004e8                PORTE_IRQHandler
                0x000004e8                FTM2_IRQHandler
                0x000004e8                LPTMR0_IRQHandler
                0x000004e8                BusFault_Handler
                0x000004e8                DMA8_IRQHandler
                0x000004e8                DMA10_IRQHandler
                0x000004e8                CAN0_Wake_Up_IRQHandler
                0x000004e8                UART1_ERR_IRQHandler
                0x000004e8                UART1_RX_TX_IRQHandler
                0x000004e8                CMP0_IRQHandler
                0x000004e8                DMA6_IRQHandler
                0x000004e8                DMA1_IRQHandler
 .text          0x000004ec      0x370 c:/freescale/kds_v3/toolchain/bin/../lib/gcc/arm-none-eabi/4.8.4/armv7e-m/fpu\libgcc.a(_arm_addsubdf3.o)
                0x000004ec                __aeabi_drsub
                0x000004f4                __aeabi_dsub
                0x000004f4                __subdf3
                0x000004f8                __aeabi_dadd
                0x000004f8                __adddf3
                0x00000770                __floatunsidf
                0x00000770                __aeabi_ui2d
                0x00000790                __floatsidf
                0x00000790                __aeabi_i2d
                0x000007b4                __aeabi_f2d
                0x000007b4                __extendsfdf2
                0x000007f0                __floatundidf
                0x000007f0                __aeabi_ul2d
                0x00000800                __floatdidf
                0x00000800                __aeabi_l2d
 .text          0x0000085c      0x424 c:/freescale/kds_v3/toolchain/bin/../lib/gcc/arm-none-eabi/4.8.4/armv7e-m/fpu\libgcc.a(_arm_muldivdf3.o)
                0x0000085c                __aeabi_dmul
                0x0000085c                __muldf3
                0x00000ab0                __divdf3
                0x00000ab0                __aeabi_ddiv
 .text          0x00000c80       0x50 c:/freescale/kds_v3/toolchain/bin/../lib/gcc/arm-none-eabi/4.8.4/armv7e-m/fpu\libgcc.a(_arm_fixdfsi.o)
                0x00000c80                __aeabi_d2iz
                0x00000c80                __fixdfsi
 *(.text*)
 .text.__LDM_Init
                0x00000cd0      0x108 ./Sources/Template/LDM.o
                0x00000cd0                __LDM_Init
 .text.__LDM_EnableInterrupts
                0x00000dd8       0x2c ./Sources/Template/LDM.o
                0x00000dd8                __LDM_EnableInterrupts
 .text.__LDM_DisableInterrupts
                0x00000e04       0x1c ./Sources/Template/LDM.o
                0x00000e04                __LDM_DisableInterrupts
 .text.main     0x00000e20       0x1c ./Sources/Template/main.o
                0x00000e20                main
 .text.App_Init
                0x00000e3c       0x30 ./Sources/App.o
                0x00000e3c                App_Init
 .text.App_Run  0x00000e6c        0xc ./Sources/App.o
                0x00000e6c                App_Run
 .text.dac_player
                0x00000e78       0x34 ./Sources/DAC.o
                0x00000e78                dac_player
 .text.dac_setup
                0x00000eac       0x58 ./Sources/DAC.o
                0x00000eac                dac_setup
 .text.NVIC_EnableIRQ
                0x00000f04       0x30 ./Sources/FTM.o
 .text.FTM3_IRQHandler
                0x00000f34       0x1c ./Sources/FTM.o
                0x00000f34                FTM3_IRQHandler
 .text.FTM_Init
                0x00000f50       0xd4 ./Sources/FTM.o
                0x00000f50                FTM_Init
 .text.FTM_SetPrescaler
                0x00001024       0x2c ./Sources/FTM.o
                0x00001024                FTM_SetPrescaler
 .text.FTM_StartClock
                0x00001050       0x20 ./Sources/FTM.o
                0x00001050                FTM_StartClock
 .text.FTM_SetWorkingMode
                0x00001070       0x54 ./Sources/FTM.o
                0x00001070                FTM_SetWorkingMode
 .text.FTM_SetInputCaptureEdge
                0x000010c4       0x54 ./Sources/FTM.o
                0x000010c4                FTM_SetInputCaptureEdge
 .text.FTM_GetCounter
                0x00001118       0x24 ./Sources/FTM.o
                0x00001118                FTM_GetCounter
 .text.FTM_SetInterruptMode
                0x0000113c       0x40 ./Sources/FTM.o
                0x0000113c                FTM_SetInterruptMode
 .text.FTM_ClearInterruptFlag
                0x0000117c       0x30 ./Sources/FTM.o
                0x0000117c                FTM_ClearInterruptFlag
 .text.GPIO_Init
                0x000011ac       0x20 ./Sources/GPIO.o
                0x000011ac                GPIO_Init
 .text.GPIO_SetDirection
                0x000011cc       0x3c ./Sources/GPIO.o
                0x000011cc                GPIO_SetDirection
 .text.infrared_is_data_ready
                0x00001208       0x18 ./Sources/IR_driver.o
                0x00001208                infrared_is_data_ready
 .text.infrared_read_data
                0x00001220       0x20 ./Sources/IR_driver.o
                0x00001220                infrared_read_data
 .text.infrared_interrupt
                0x00001240      0x144 ./Sources/IR_driver.o
                0x00001240                infrared_interrupt
 .text.save_data
                0x00001384       0x50 ./Sources/IR_driver.o
 .text.get_time_separation
                0x000013d4       0x3c ./Sources/IR_driver.o
 .text.read_time
                0x00001410       0x18 ./Sources/IR_driver.o
 .text.infrared_setup
                0x00001428       0x8c ./Sources/IR_driver.o
                0x00001428                infrared_setup
 .text.player_setup
                0x000014b4       0x30 ./Sources/PLAYER.o
                0x000014b4                player_setup
 .text.play_isr
                0x000014e4      0x104 ./Sources/PLAYER.o
 .text.player_play
                0x000015e8      0x128 ./Sources/PLAYER.o
 .text.player_resume
                0x00001710       0x1c ./Sources/PLAYER.o
 .text.player_pause
                0x0000172c       0x1c ./Sources/PLAYER.o
 .text.player_stop
                0x00001748       0x24 ./Sources/PLAYER.o
 *fill*         0x0000176c        0x4 
 .text.player_forward
                0x00001770       0x50 ./Sources/PLAYER.o
 .text.player_backward
                0x000017c0       0x50 ./Sources/PLAYER.o
 .text.player_next
                0x00001810       0x40 ./Sources/PLAYER.o
 .text.player_previous
                0x00001850       0x40 ./Sources/PLAYER.o
 .text.player_volume_up
                0x00001890       0x38 ./Sources/PLAYER.o
 .text.player_volume_down
                0x000018c8       0x54 ./Sources/PLAYER.o
 .text.player_command
                0x0000191c       0xe4 ./Sources/PLAYER.o
 .text.read_handler
                0x00001a00       0x8c ./Sources/PLAYER.o
                0x00001a00                read_handler
 .text.increase_playing_indexes
                0x00001a8c       0x98 ./Sources/PLAYER.o
 .text.NVIC_EnableIRQ
                0x00001b24       0x30 ./Sources/PORT.o
 .text.PORT_Init
                0x00001b54       0xe4 ./Sources/PORT.o
                0x00001b54                PORT_Init
 .text.PORT_IsInterruptPending
                0x00001c38       0x2c ./Sources/PORT.o
                0x00001c38                PORT_IsInterruptPending
 .text.PORT_ClearInterruptFlag
                0x00001c64       0x28 ./Sources/PORT.o
                0x00001c64                PORT_ClearInterruptFlag
 .text.PORT_Configure2
                0x00001c8c       0x20 ./Sources/PORT.o
                0x00001c8c                PORT_Configure2
 .text.PORT_ClearPortFlags
                0x00001cac       0x1c ./Sources/PORT.o
                0x00001cac                PORT_ClearPortFlags
 .text.PORTA_IRQHandler
                0x00001cc8       0x6c ./Sources/PORT.o
                0x00001cc8                PORTA_IRQHandler
 .text.PORTC_IRQHandler
                0x00001d34       0x50 ./Sources/PORT.o
                0x00001d34                PORTC_IRQHandler
 .text.setSpeed
                0x00001d84       0x30 ./Sources/PORT.o
                0x00001d84                setSpeed
 .text.SDHC_Init
                0x00001db4      0x34c ./Sources/SDHC.o
                0x00001db4                SDHC_Init
 .text.SDHC_ConfigurePins
                0x00002100       0xd4 ./Sources/SDHC.o
                0x00002100                SDHC_ConfigurePins
 .text.SDHC_send_command
                0x000021d4      0x160 ./Sources/SDHC.o
                0x000021d4                SDHC_send_command
 .text.SDHC_dma_update
                0x00002334       0x8c ./Sources/SDHC.o
                0x00002334                SDHC_dma_update
 .text.SDHC_get_sector_data
                0x000023c0      0x26c ./Sources/SDHC.o
                0x000023c0                SDHC_get_sector_data
 .text.SDHC_sector_read
                0x0000262c       0x9c ./Sources/SDHC.o
                0x0000262c                SDHC_sector_read
 .text.SDHC_IRQHandler
                0x000026c8       0x84 ./Sources/SDHC.o
                0x000026c8                SDHC_IRQHandler
 .text.SDHC_isReady
                0x0000274c       0x18 ./Sources/SDHC.o
                0x0000274c                SDHC_isReady
 .text.SysTick_Handler
                0x00002764       0x80 ./Sources/SysTick.o
                0x00002764                SysTick_Handler
 .text.SystickRegisterCallback
                0x000027e4       0x48 ./Sources/SysTick.o
                0x000027e4                SystickRegisterCallback
 .text.SysTick_Init
                0x0000282c       0x2c ./Sources/SysTick.o
                0x0000282c                SysTick_Init
 .text.Set_Systick_Frequency
                0x00002858       0x28 ./Sources/SysTick.o
                0x00002858                Set_Systick_Frequency
 .text.init_data_bss
                0x00002880       0xcc ./Project_Settings/Startup_Code/startup.o
                0x00002880                init_data_bss
 .text.SystemInit
                0x0000294c       0x3c ./Project_Settings/Startup_Code/system_MK64F12.o
                0x0000294c                SystemInit
 .text.exit     0x00002988       0x28 c:/freescale/kds_v3/toolchain/bin/../lib/gcc/arm-none-eabi/4.8.4/../../../../arm-none-eabi/lib/armv7e-m/fpu\libg_s.a(lib_a-exit.o)
                0x00002988                exit
 .text.__libc_init_array
                0x000029b0       0x4c c:/freescale/kds_v3/toolchain/bin/../lib/gcc/arm-none-eabi/4.8.4/../../../../arm-none-eabi/lib/armv7e-m/fpu\libg_s.a(lib_a-init.o)
                0x000029b0                __libc_init_array
 .text.memset   0x000029fc       0x10 c:/freescale/kds_v3/toolchain/bin/../lib/gcc/arm-none-eabi/4.8.4/../../../../arm-none-eabi/lib/armv7e-m/fpu\libg_s.a(lib_a-memset.o)
                0x000029fc                memset
 .text._exit    0x00002a0c        0x4 c:/freescale/kds_v3/toolchain/bin/../lib/gcc/arm-none-eabi/4.8.4/../../../../arm-none-eabi/lib/armv7e-m/fpu\libnosys.a(_exit.o)
                0x00002a0c                _exit
 *(.rodata)
 *(.rodata*)
 .rodata.song_list
                0x00002a10       0x44 ./Sources/PLAYER.o
 .rodata.str1.1
                0x00002a54        0x2 c:/freescale/kds_v3/toolchain/bin/../lib/gcc/arm-none-eabi/4.8.4/../../../../arm-none-eabi/lib/armv7e-m/fpu\libg_s.a(lib_a-impure.o)
 *fill*         0x00002a56        0x2 
 .rodata._global_impure_ptr
                0x00002a58        0x4 c:/freescale/kds_v3/toolchain/bin/../lib/gcc/arm-none-eabi/4.8.4/../../../../arm-none-eabi/lib/armv7e-m/fpu\libg_s.a(lib_a-impure.o)
                0x00002a58                _global_impure_ptr
 *(.glue_7)
 .glue_7        0x00000000        0x0 linker stubs
 *(.glue_7t)
 .glue_7t       0x00000000        0x0 linker stubs
 *(.eh_frame)
 .eh_frame      0x00002a5c        0x0 c:/freescale/kds_v3/toolchain/bin/../lib/gcc/arm-none-eabi/4.8.4/armv7e-m/fpu/crtbegin.o
 *(.init)
 .init          0x00002a5c        0x4 c:/freescale/kds_v3/toolchain/bin/../lib/gcc/arm-none-eabi/4.8.4/armv7e-m/fpu/crti.o
                0x00002a5c                _init
 .init          0x00002a60        0x8 c:/freescale/kds_v3/toolchain/bin/../lib/gcc/arm-none-eabi/4.8.4/armv7e-m/fpu/crtn.o
 *(.fini)
 .fini          0x00002a68        0x4 c:/freescale/kds_v3/toolchain/bin/../lib/gcc/arm-none-eabi/4.8.4/armv7e-m/fpu/crti.o
                0x00002a68                _fini
 .fini          0x00002a6c        0x8 c:/freescale/kds_v3/toolchain/bin/../lib/gcc/arm-none-eabi/4.8.4/armv7e-m/fpu/crtn.o
                0x00002a74                . = ALIGN (0x4)

.vfp11_veneer   0x00002a74        0x0
 .vfp11_veneer  0x00000000        0x0 linker stubs

.v4_bx          0x00002a74        0x0
 .v4_bx         0x00000000        0x0 linker stubs

.iplt           0x00002a74        0x0
 .iplt          0x00000000        0x0 c:/freescale/kds_v3/toolchain/bin/../lib/gcc/arm-none-eabi/4.8.4/armv7e-m/fpu/crtbegin.o

.ARM.extab
 *(.ARM.extab* .gnu.linkonce.armextab.*)

.ARM            0x00002a74        0x8
                0x00002a74                __exidx_start = .
 *(.ARM.exidx*)
 .ARM.exidx     0x00002a74        0x8 c:/freescale/kds_v3/toolchain/bin/../lib/gcc/arm-none-eabi/4.8.4/../../../../arm-none-eabi/lib/armv7e-m/fpu/crt0.o
                0x00002a7c                __exidx_end = .

.rel.dyn        0x00002a7c        0x0
 .rel.iplt      0x00000000        0x0 c:/freescale/kds_v3/toolchain/bin/../lib/gcc/arm-none-eabi/4.8.4/armv7e-m/fpu/crtbegin.o

.ctors          0x00002a7c        0x0
                0x00002a7c                __CTOR_LIST__ = .
 *crtbegin.o(.ctors)
 *crtbegin?.o(.ctors)
 *(EXCLUDE_FILE(*crtend.o *crtend?.o) .ctors)
 *(SORT(.ctors.*))
 *(.ctors)
                0x00002a7c                __CTOR_END__ = .

.dtors          0x00002a7c        0x0
                0x00002a7c                __DTOR_LIST__ = .
 *crtbegin.o(.dtors)
 *crtbegin?.o(.dtors)
 *(EXCLUDE_FILE(*crtend.o *crtend?.o) .dtors)
 *(SORT(.dtors.*))
 *(.dtors)
                0x00002a7c                __DTOR_END__ = .

.preinit_array  0x00002a7c        0x0
                0x00002a7c                PROVIDE (__preinit_array_start, .)
 *(.preinit_array*)
                0x00002a7c                PROVIDE (__preinit_array_end, .)

.init_array     0x00002a7c        0x4
                0x00002a7c                PROVIDE (__init_array_start, .)
 *(SORT(.init_array.*))
 *(.init_array*)
 .init_array    0x00002a7c        0x4 c:/freescale/kds_v3/toolchain/bin/../lib/gcc/arm-none-eabi/4.8.4/armv7e-m/fpu/crtbegin.o
                0x00002a80                PROVIDE (__init_array_end, .)

.fini_array     0x00002a80        0x4
                0x00002a80                PROVIDE (__fini_array_start, .)
 *(SORT(.fini_array.*))
 *(.fini_array*)
 .fini_array    0x00002a80        0x4 c:/freescale/kds_v3/toolchain/bin/../lib/gcc/arm-none-eabi/4.8.4/armv7e-m/fpu/crtbegin.o
                0x00002a84                PROVIDE (__fini_array_end, .)
                0x00002a84                __etext = .
                0x00002a84                __DATA_ROM = .

.interrupts_ram
                0x1fff0000        0x0
                0x1fff0000                . = ALIGN (0x4)
                0x1fff0000                __VECTOR_RAM__ = .
                0x1fff0000                __interrupts_ram_start__ = .
 *(.m_interrupts_ram)
                0x1fff0000                . = (. + M_VECTOR_RAM_SIZE)
                0x1fff0000                . = ALIGN (0x4)
                0x1fff0000                __interrupts_ram_end__ = .
                0x00000000                __VECTOR_RAM = DEFINED (__ram_vector_table__)?__VECTOR_RAM__:ORIGIN (m_interrupts)
                0x00000000                __RAM_VECTOR_TABLE_SIZE_BYTES = DEFINED (__ram_vector_table__)?(__interrupts_ram_end__ - __interrupts_ram_start__):0x0

.data           0x1fff0000       0x78 load address 0x00002a84
                0x1fff0000                . = ALIGN (0x4)
                0x1fff0000                __DATA_RAM = .
                0x1fff0000                __data_start__ = .
 *(.data)
 *(.data*)
 .data.maximum_time_separation
                0x1fff0000        0x2 ./Sources/IR_driver.o
                0x1fff0000                maximum_time_separation
 .data.threshold_separation
                0x1fff0002        0x2 ./Sources/IR_driver.o
                0x1fff0002                threshold_separation
 .data.minimum_time_separation
                0x1fff0004        0x2 ./Sources/IR_driver.o
                0x1fff0004                minimum_time_separation
 .data.value_template
                0x1fff0006        0x2 ./Sources/IR_driver.o
 .data.min_value_16_bit_resolution.7252
                0x1fff0008        0x4 ./Sources/PLAYER.o
 .data.data.7258
                0x1fff000c        0x4 ./Sources/PLAYER.o
 .data.speed    0x1fff0010        0x4 ./Sources/PORT.o
                0x1fff0010                speed
 .data.impure_data
                0x1fff0014       0x60 c:/freescale/kds_v3/toolchain/bin/../lib/gcc/arm-none-eabi/4.8.4/../../../../arm-none-eabi/lib/armv7e-m/fpu\libg_s.a(lib_a-impure.o)
 *(.jcr*)
 .jcr           0x1fff0074        0x0 c:/freescale/kds_v3/toolchain/bin/../lib/gcc/arm-none-eabi/4.8.4/armv7e-m/fpu/crtbegin.o
 .jcr           0x1fff0074        0x4 c:/freescale/kds_v3/toolchain/bin/../lib/gcc/arm-none-eabi/4.8.4/armv7e-m/fpu/crtend.o
                0x1fff0078                . = ALIGN (0x4)
                0x1fff0078                __data_end__ = .
                0x00002afc                __DATA_END = (__DATA_ROM + (__data_end__ - __data_start__))

.igot.plt       0x1fff0078        0x0 load address 0x00002afc
 .igot.plt      0x00000000        0x0 c:/freescale/kds_v3/toolchain/bin/../lib/gcc/arm-none-eabi/4.8.4/armv7e-m/fpu/crtbegin.o

.bss            0x1fff0078      0x700 load address 0x00002afc
                0x1fff0078                . = ALIGN (0x4)
                0x1fff0078                __START_BSS = .
                0x1fff0078                __bss_start__ = .
 *(.bss)
 .bss           0x1fff0078       0x1c c:/freescale/kds_v3/toolchain/bin/../lib/gcc/arm-none-eabi/4.8.4/armv7e-m/fpu/crtbegin.o
 *(.bss*)
 .bss.__LDM_interruptDisableCount
                0x1fff0094        0x4 ./Sources/Template/LDM.o
                0x1fff0094                __LDM_interruptDisableCount
 .bss.wasInit   0x1fff0098        0x4 ./Sources/GPIO.o
 .bss.received_data_waiting_to_be_processed
                0x1fff009c        0x1 ./Sources/IR_driver.o
 *fill*         0x1fff009d        0x1 
 .bss.received_value
                0x1fff009e        0x2 ./Sources/IR_driver.o
 .bss.setup_finished
                0x1fff00a0        0x1 ./Sources/IR_driver.o
 .bss.number_of_symbols_received.6415
                0x1fff00a1        0x1 ./Sources/IR_driver.o
 .bss.symbol_value.6412
                0x1fff00a2        0x1 ./Sources/IR_driver.o
 .bss.is_symbol_received.6413
                0x1fff00a3        0x1 ./Sources/IR_driver.o
 .bss.transmission_data.6414
                0x1fff00a4        0x2 ./Sources/IR_driver.o
 .bss.actual_time.6424
                0x1fff00a6        0x2 ./Sources/IR_driver.o
 .bss.previous_time.6425
                0x1fff00a8        0x2 ./Sources/IR_driver.o
 .bss.time_separation.6426
                0x1fff00aa        0x2 ./Sources/IR_driver.o
 .bss.previous_transmission_data.6421
                0x1fff00ac        0x2 ./Sources/IR_driver.o
 *fill*         0x1fff00ae        0x2 
 .bss.current_song
                0x1fff00b0       0x28 ./Sources/PLAYER.o
 .bss.sample_byter_per_channel.7247
                0x1fff00d8        0x1 ./Sources/PLAYER.o
 *fill*         0x1fff00d9        0x1 
 .bss.channel_1_audio_sample.7248
                0x1fff00da        0x2 ./Sources/PLAYER.o
 .bss.channel_2_audio_sample.7249
                0x1fff00dc        0x2 ./Sources/PLAYER.o
 *fill*         0x1fff00de        0x2 
 .bss.wasInit   0x1fff00e0        0x4 ./Sources/PORT.o
 .bss.IRQ_count
                0x1fff00e4        0x4 ./Sources/PORT.o
 .bss.SDHC_Ready
                0x1fff00e8        0x1 ./Sources/SDHC.o
 .bss.readRes   0x1fff00e9        0x1 ./Sources/SDHC.o
 *fill*         0x1fff00ea        0x2 
 .bss.dma       0x1fff00ec      0x620 ./Sources/SDHC.o
 .bss.doonce    0x1fff070c        0x1 ./Sources/SDHC.o
 *fill*         0x1fff070d        0x3 
 .bss.wasted_cache_pointers.7135
                0x1fff0710        0x4 ./Sources/SDHC.o
 .bss.send_sd_dma_read_trigger.7136
                0x1fff0714        0x1 ./Sources/SDHC.o
 .bss.cache_pointers_index.7134
                0x1fff0715        0x1 ./Sources/SDHC.o
 *fill*         0x1fff0716        0x2 
 .bss.cache_pointer_for_swap.7133
                0x1fff0718        0x4 ./Sources/SDHC.o
 .bss.systick_callbacks
                0x1fff071c       0x28 ./Sources/SysTick.o
 .bss.callback_preescaler
                0x1fff0744       0x28 ./Sources/SysTick.o
 .bss.totaCallbacks
                0x1fff076c        0x1 ./Sources/SysTick.o
 .bss.k.6766    0x1fff076d        0x1 ./Sources/SysTick.o
 *fill*         0x1fff076e        0x2 
 .bss.preescaler.6765
                0x1fff0770        0x4 ./Sources/SysTick.o
 *(COMMON)
 COMMON         0x1fff0774        0x4 ./Sources/SDHC.o
                0x1fff0774                address
                0x1fff0778                . = ALIGN (0x4)
                0x1fff0778                __bss_end__ = .
                0x1fff0778                __END_BSS = .

.heap           0x20000000      0x400
                0x20000000                . = ALIGN (0x8)
                0x20000000                __end__ = .
                0x20000000                PROVIDE (end, .)
                0x20000000                __HeapBase = .
                0x20000400                . = (. + HEAP_SIZE)
 *fill*         0x20000000      0x400 
                0x20000400                __HeapLimit = .

.stack          0x20000400      0x400
                0x20000400                . = ALIGN (0x8)
                0x20000800                . = (. + STACK_SIZE)
 *fill*         0x20000400      0x400 
                0x20030000                __StackTop = (ORIGIN (m_data_2) + 0x30000)
                0x2002fc00                __StackLimit = (__StackTop - STACK_SIZE)
                0x20030000                PROVIDE (__stack, __StackTop)

.ARM.attributes
                0x00000000       0x30
 *(.ARM.attributes)
 .ARM.attributes
                0x00000000       0x22 c:/freescale/kds_v3/toolchain/bin/../lib/gcc/arm-none-eabi/4.8.4/armv7e-m/fpu/crti.o
 .ARM.attributes
                0x00000022       0x34 c:/freescale/kds_v3/toolchain/bin/../lib/gcc/arm-none-eabi/4.8.4/armv7e-m/fpu/crtbegin.o
 .ARM.attributes
                0x00000056       0x20 c:/freescale/kds_v3/toolchain/bin/../lib/gcc/arm-none-eabi/4.8.4/../../../../arm-none-eabi/lib/armv7e-m/fpu/crt0.o
 .ARM.attributes
                0x00000076       0x39 ./Sources/Template/LDM.o
 .ARM.attributes
                0x000000af       0x39 ./Sources/Template/main.o
 .ARM.attributes
                0x000000e8       0x39 ./Sources/App.o
 .ARM.attributes
                0x00000121       0x39 ./Sources/DAC.o
 .ARM.attributes
                0x0000015a       0x39 ./Sources/FTM.o
 .ARM.attributes
                0x00000193       0x39 ./Sources/GPIO.o
 .ARM.attributes
                0x000001cc       0x39 ./Sources/IR_driver.o
 .ARM.attributes
                0x00000205       0x39 ./Sources/PLAYER.o
 .ARM.attributes
                0x0000023e       0x39 ./Sources/PORT.o
 .ARM.attributes
                0x00000277       0x39 ./Sources/SDHC.o
 .ARM.attributes
                0x000002b0       0x39 ./Sources/SysTick.o
 .ARM.attributes
                0x000002e9       0x39 ./Project_Settings/Startup_Code/startup.o
 .ARM.attributes
                0x00000322       0x1f ./Project_Settings/Startup_Code/startup_MK64F12.o
 .ARM.attributes
                0x00000341       0x39 ./Project_Settings/Startup_Code/system_MK64F12.o
 .ARM.attributes
                0x0000037a       0x22 c:/freescale/kds_v3/toolchain/bin/../lib/gcc/arm-none-eabi/4.8.4/armv7e-m/fpu\libgcc.a(_arm_addsubdf3.o)
 .ARM.attributes
                0x0000039c       0x22 c:/freescale/kds_v3/toolchain/bin/../lib/gcc/arm-none-eabi/4.8.4/armv7e-m/fpu\libgcc.a(_arm_muldivdf3.o)
 .ARM.attributes
                0x000003be       0x22 c:/freescale/kds_v3/toolchain/bin/../lib/gcc/arm-none-eabi/4.8.4/armv7e-m/fpu\libgcc.a(_arm_fixdfsi.o)
 .ARM.attributes
                0x000003e0       0x34 c:/freescale/kds_v3/toolchain/bin/../lib/gcc/arm-none-eabi/4.8.4/../../../../arm-none-eabi/lib/armv7e-m/fpu\libg_s.a(lib_a-exit.o)
 .ARM.attributes
                0x00000414       0x34 c:/freescale/kds_v3/toolchain/bin/../lib/gcc/arm-none-eabi/4.8.4/../../../../arm-none-eabi/lib/armv7e-m/fpu\libg_s.a(lib_a-impure.o)
 .ARM.attributes
                0x00000448       0x34 c:/freescale/kds_v3/toolchain/bin/../lib/gcc/arm-none-eabi/4.8.4/../../../../arm-none-eabi/lib/armv7e-m/fpu\libg_s.a(lib_a-init.o)
 .ARM.attributes
                0x0000047c       0x34 c:/freescale/kds_v3/toolchain/bin/../lib/gcc/arm-none-eabi/4.8.4/../../../../arm-none-eabi/lib/armv7e-m/fpu\libg_s.a(lib_a-memset.o)
 .ARM.attributes
                0x000004b0       0x34 c:/freescale/kds_v3/toolchain/bin/../lib/gcc/arm-none-eabi/4.8.4/../../../../arm-none-eabi/lib/armv7e-m/fpu\libnosys.a(_exit.o)
 .ARM.attributes
                0x000004e4       0x34 c:/freescale/kds_v3/toolchain/bin/../lib/gcc/arm-none-eabi/4.8.4/armv7e-m/fpu/crtend.o
 .ARM.attributes
                0x00000518       0x22 c:/freescale/kds_v3/toolchain/bin/../lib/gcc/arm-none-eabi/4.8.4/armv7e-m/fpu/crtn.o
                0x00000001                ASSERT ((__StackLimit >= __HeapLimit), region m_data_2 overflowed with stack and heap)
OUTPUT(Handout1.elf elf32-littlearm)

.debug_info     0x00000000     0x50b1
 .debug_info    0x00000000      0x696 ./Sources/Template/LDM.o
 .debug_info    0x00000696       0xba ./Sources/Template/main.o
 .debug_info    0x00000750      0x101 ./Sources/App.o
 .debug_info    0x00000851      0x369 ./Sources/DAC.o
 .debug_info    0x00000bba      0xdf3 ./Sources/FTM.o
 .debug_info    0x000019ad      0x2ff ./Sources/GPIO.o
 .debug_info    0x00001cac      0x752 ./Sources/IR_driver.o
 .debug_info    0x000023fe      0x52a ./Sources/PLAYER.o
 .debug_info    0x00002928      0xd43 ./Sources/PORT.o
 .debug_info    0x0000366b      0xdcd ./Sources/SDHC.o
 .debug_info    0x00004438      0x238 ./Sources/SysTick.o
 .debug_info    0x00004670      0x3a7 ./Project_Settings/Startup_Code/startup.o
 .debug_info    0x00004a17       0x8a ./Project_Settings/Startup_Code/startup_MK64F12.o
 .debug_info    0x00004aa1      0x610 ./Project_Settings/Startup_Code/system_MK64F12.o

.debug_abbrev   0x00000000     0x1270
 .debug_abbrev  0x00000000      0x129 ./Sources/Template/LDM.o
 .debug_abbrev  0x00000129       0x6c ./Sources/Template/main.o
 .debug_abbrev  0x00000195       0xa5 ./Sources/App.o
 .debug_abbrev  0x0000023a      0x118 ./Sources/DAC.o
 .debug_abbrev  0x00000352      0x1b0 ./Sources/FTM.o
 .debug_abbrev  0x00000502      0x106 ./Sources/GPIO.o
 .debug_abbrev  0x00000608      0x1d8 ./Sources/IR_driver.o
 .debug_abbrev  0x000007e0      0x1cf ./Sources/PLAYER.o
 .debug_abbrev  0x000009af      0x25e ./Sources/PORT.o
 .debug_abbrev  0x00000c0d      0x2fe ./Sources/SDHC.o
 .debug_abbrev  0x00000f0b      0x13d ./Sources/SysTick.o
 .debug_abbrev  0x00001048       0xfa ./Project_Settings/Startup_Code/startup.o
 .debug_abbrev  0x00001142       0x14 ./Project_Settings/Startup_Code/startup_MK64F12.o
 .debug_abbrev  0x00001156      0x11a ./Project_Settings/Startup_Code/system_MK64F12.o

.debug_aranges  0x00000000      0x4a0
 .debug_aranges
                0x00000000       0x30 ./Sources/Template/LDM.o
 .debug_aranges
                0x00000030       0x20 ./Sources/Template/main.o
 .debug_aranges
                0x00000050       0x28 ./Sources/App.o
 .debug_aranges
                0x00000078       0x28 ./Sources/DAC.o
 .debug_aranges
                0x000000a0       0xf8 ./Sources/FTM.o
 .debug_aranges
                0x00000198       0x58 ./Sources/GPIO.o
 .debug_aranges
                0x000001f0       0x50 ./Sources/IR_driver.o
 .debug_aranges
                0x00000240       0x90 ./Sources/PLAYER.o
 .debug_aranges
                0x000002d0       0xb8 ./Sources/PORT.o
 .debug_aranges
                0x00000388       0x78 ./Sources/SDHC.o
 .debug_aranges
                0x00000400       0x38 ./Sources/SysTick.o
 .debug_aranges
                0x00000438       0x20 ./Project_Settings/Startup_Code/startup.o
 .debug_aranges
                0x00000458       0x20 ./Project_Settings/Startup_Code/startup_MK64F12.o
 .debug_aranges
                0x00000478       0x28 ./Project_Settings/Startup_Code/system_MK64F12.o

.debug_ranges   0x00000000      0x3b0
 .debug_ranges  0x00000000       0x20 ./Sources/Template/LDM.o
 .debug_ranges  0x00000020       0x10 ./Sources/Template/main.o
 .debug_ranges  0x00000030       0x18 ./Sources/App.o
 .debug_ranges  0x00000048       0x18 ./Sources/DAC.o
 .debug_ranges  0x00000060       0xe8 ./Sources/FTM.o
 .debug_ranges  0x00000148       0x48 ./Sources/GPIO.o
 .debug_ranges  0x00000190       0x40 ./Sources/IR_driver.o
 .debug_ranges  0x000001d0       0x80 ./Sources/PLAYER.o
 .debug_ranges  0x00000250       0xa8 ./Sources/PORT.o
 .debug_ranges  0x000002f8       0x68 ./Sources/SDHC.o
 .debug_ranges  0x00000360       0x28 ./Sources/SysTick.o
 .debug_ranges  0x00000388       0x10 ./Project_Settings/Startup_Code/startup.o
 .debug_ranges  0x00000398       0x18 ./Project_Settings/Startup_Code/system_MK64F12.o

.debug_macro    0x00000000    0x32690
 .debug_macro   0x00000000      0x183 ./Sources/Template/LDM.o
 .debug_macro   0x00000183      0x856 ./Sources/Template/LDM.o
 .debug_macro   0x000009d9       0x11 ./Sources/Template/LDM.o
 .debug_macro   0x000009ea       0x16 ./Sources/Template/LDM.o
 .debug_macro   0x00000a00       0x16 ./Sources/Template/LDM.o
 .debug_macro   0x00000a16       0x44 ./Sources/Template/LDM.o
 .debug_macro   0x00000a5a      0x209 ./Sources/Template/LDM.o
 .debug_macro   0x00000c63       0x56 ./Sources/Template/LDM.o
 .debug_macro   0x00000cb9       0x3b ./Sources/Template/LDM.o
 .debug_macro   0x00000cf4       0x2d ./Sources/Template/LDM.o
 .debug_macro   0x00000d21       0x26 ./Sources/Template/LDM.o
 .debug_macro   0x00000d47      0xc13 ./Sources/Template/LDM.o
 .debug_macro   0x0000195a       0x78 ./Sources/Template/LDM.o
 .debug_macro   0x000019d2    0x1773b ./Sources/Template/LDM.o
 .debug_macro   0x0001910d       0x58 ./Sources/Template/LDM.o
 .debug_macro   0x00019165       0x35 ./Sources/Template/LDM.o
 .debug_macro   0x0001919a       0xa3 ./Sources/Template/LDM.o
 .debug_macro   0x0001923d       0x16 ./Sources/Template/LDM.o
 .debug_macro   0x00019253      0x10e ./Sources/Template/LDM.o
 .debug_macro   0x00019361       0x7f ./Sources/Template/LDM.o
 .debug_macro   0x000193e0       0x52 ./Sources/Template/LDM.o
 .debug_macro   0x00019432       0x16 ./Sources/Template/LDM.o
 .debug_macro   0x00019448       0x43 ./Sources/Template/LDM.o
 .debug_macro   0x0001948b      0x180 ./Sources/Template/LDM.o
 .debug_macro   0x0001960b       0x22 ./Sources/Template/LDM.o
 .debug_macro   0x0001962d       0x16 ./Sources/Template/LDM.o
 .debug_macro   0x00019643    0x16266 ./Sources/Template/LDM.o
 .debug_macro   0x0002f8a9     0x1130 ./Sources/Template/LDM.o
 .debug_macro   0x000309d9       0x22 ./Sources/Template/LDM.o
 .debug_macro   0x000309fb       0x16 ./Sources/Template/LDM.o
 .debug_macro   0x00030a11      0x18d ./Sources/Template/main.o
 .debug_macro   0x00030b9e      0x260 ./Sources/App.o
 .debug_macro   0x00030dfe       0x2e ./Sources/App.o
 .debug_macro   0x00030e2c       0x3a ./Sources/App.o
 .debug_macro   0x00030e66       0x1c ./Sources/App.o
 .debug_macro   0x00030e82       0x35 ./Sources/App.o
 .debug_macro   0x00030eb7       0x10 ./Sources/App.o
 .debug_macro   0x00030ec7       0x10 ./Sources/App.o
 .debug_macro   0x00030ed7       0x22 ./Sources/App.o
 .debug_macro   0x00030ef9       0xbd ./Sources/App.o
 .debug_macro   0x00030fb6       0x16 ./Sources/App.o
 .debug_macro   0x00030fcc      0x14a ./Sources/App.o
 .debug_macro   0x00031116      0x2a6 ./Sources/App.o
 .debug_macro   0x000313bc       0x10 ./Sources/App.o
 .debug_macro   0x000313cc       0x16 ./Sources/App.o
 .debug_macro   0x000313e2      0x18d ./Sources/DAC.o
 .debug_macro   0x0003156f      0x1af ./Sources/FTM.o
 .debug_macro   0x0003171e       0x34 ./Sources/FTM.o
 .debug_macro   0x00031752      0x192 ./Sources/GPIO.o
 .debug_macro   0x000318e4       0x28 ./Sources/GPIO.o
 .debug_macro   0x0003190c      0x1a9 ./Sources/IR_driver.o
 .debug_macro   0x00031ab5      0x2b5 ./Sources/PLAYER.o
 .debug_macro   0x00031d6a       0x10 ./Sources/PLAYER.o
 .debug_macro   0x00031d7a      0x18d ./Sources/PORT.o
 .debug_macro   0x00031f07      0x271 ./Sources/SDHC.o
 .debug_macro   0x00032178      0x1dd ./Sources/SysTick.o
 .debug_macro   0x00032355      0x171 ./Project_Settings/Startup_Code/startup.o
 .debug_macro   0x000324c6      0x162 ./Project_Settings/Startup_Code/system_MK64F12.o
 .debug_macro   0x00032628       0x68 ./Project_Settings/Startup_Code/system_MK64F12.o

.debug_line     0x00000000     0x38ed
 .debug_line    0x00000000      0x3a3 ./Sources/Template/LDM.o
 .debug_line    0x000003a3      0x369 ./Sources/Template/main.o
 .debug_line    0x0000070c      0x46e ./Sources/App.o
 .debug_line    0x00000b7a      0x36b ./Sources/DAC.o
 .debug_line    0x00000ee5      0x5bb ./Sources/FTM.o
 .debug_line    0x000014a0      0x3d0 ./Sources/GPIO.o
 .debug_line    0x00001870      0x424 ./Sources/IR_driver.o
 .debug_line    0x00001c94      0x5e5 ./Sources/PLAYER.o
 .debug_line    0x00002279      0x508 ./Sources/PORT.o
 .debug_line    0x00002781      0x647 ./Sources/SDHC.o
 .debug_line    0x00002dc8      0x3d8 ./Sources/SysTick.o
 .debug_line    0x000031a0      0x358 ./Project_Settings/Startup_Code/startup.o
 .debug_line    0x000034f8       0x6a ./Project_Settings/Startup_Code/startup_MK64F12.o
 .debug_line    0x00003562      0x38b ./Project_Settings/Startup_Code/system_MK64F12.o

.debug_str      0x00000000   0x1a0193
 .debug_str     0x00000000   0x19c915 ./Sources/Template/LDM.o
                             0x19cb1a (size before relaxing)
 .debug_str     0x0019c915       0x30 ./Sources/Template/main.o
                             0x19c8d1 (size before relaxing)
 .debug_str     0x0019c945     0x1af3 ./Sources/App.o
                             0x19e3aa (size before relaxing)
 .debug_str     0x0019e438       0x5b ./Sources/DAC.o
                             0x19c9f6 (size before relaxing)
 .debug_str     0x0019e493      0x948 ./Sources/FTM.o
                             0x19d459 (size before relaxing)
 .debug_str     0x0019eddb       0xe6 ./Sources/GPIO.o
                             0x19ca2f (size before relaxing)
 .debug_str     0x0019eec1      0x367 ./Sources/IR_driver.o
                             0x19cf08 (size before relaxing)
 .debug_str     0x0019f228      0x3fb ./Sources/PLAYER.o
                             0x19e7df (size before relaxing)
 .debug_str     0x0019f623      0x1e5 ./Sources/PORT.o
                             0x19d270 (size before relaxing)
 .debug_str     0x0019f808      0x725 ./Sources/SDHC.o
                             0x19ed0d (size before relaxing)
 .debug_str     0x0019ff2d       0xef ./Sources/SysTick.o
                             0x19d3df (size before relaxing)
 .debug_str     0x001a001c      0x100 ./Project_Settings/Startup_Code/startup.o
                             0x19c980 (size before relaxing)
 .debug_str     0x001a011c       0x77 ./Project_Settings/Startup_Code/system_MK64F12.o
                             0x19ca3b (size before relaxing)

.comment        0x00000000       0x70
 .comment       0x00000000       0x70 ./Sources/Template/LDM.o
                                 0x71 (size before relaxing)
 .comment       0x00000000       0x71 ./Sources/Template/main.o
 .comment       0x00000000       0x71 ./Sources/App.o
 .comment       0x00000000       0x71 ./Sources/DAC.o
 .comment       0x00000000       0x71 ./Sources/FTM.o
 .comment       0x00000000       0x71 ./Sources/GPIO.o
 .comment       0x00000000       0x71 ./Sources/IR_driver.o
 .comment       0x00000000       0x71 ./Sources/PLAYER.o
 .comment       0x00000000       0x71 ./Sources/PORT.o
 .comment       0x00000000       0x71 ./Sources/SDHC.o
 .comment       0x00000000       0x71 ./Sources/SysTick.o
 .comment       0x00000000       0x71 ./Project_Settings/Startup_Code/startup.o
 .comment       0x00000000       0x71 ./Project_Settings/Startup_Code/system_MK64F12.o

.debug_frame    0x00000000      0xcdc
 .debug_frame   0x00000000       0x58 ./Sources/Template/LDM.o
 .debug_frame   0x00000058       0x2c ./Sources/Template/main.o
 .debug_frame   0x00000084       0x44 ./Sources/App.o
 .debug_frame   0x000000c8       0x44 ./Sources/DAC.o
 .debug_frame   0x0000010c      0x324 ./Sources/FTM.o
 .debug_frame   0x00000430       0xec ./Sources/GPIO.o
 .debug_frame   0x0000051c       0xd4 ./Sources/IR_driver.o
 .debug_frame   0x000005f0      0x1b0 ./Sources/PLAYER.o
 .debug_frame   0x000007a0      0x248 ./Sources/PORT.o
 .debug_frame   0x000009e8      0x16c ./Sources/SDHC.o
 .debug_frame   0x00000b54       0x84 ./Sources/SysTick.o
 .debug_frame   0x00000bd8       0x2c ./Project_Settings/Startup_Code/startup.o
 .debug_frame   0x00000c04       0x44 ./Project_Settings/Startup_Code/system_MK64F12.o
 .debug_frame   0x00000c48       0x28 c:/freescale/kds_v3/toolchain/bin/../lib/gcc/arm-none-eabi/4.8.4/../../../../arm-none-eabi/lib/armv7e-m/fpu\libg_s.a(lib_a-exit.o)
 .debug_frame   0x00000c70       0x2c c:/freescale/kds_v3/toolchain/bin/../lib/gcc/arm-none-eabi/4.8.4/../../../../arm-none-eabi/lib/armv7e-m/fpu\libg_s.a(lib_a-init.o)
 .debug_frame   0x00000c9c       0x20 c:/freescale/kds_v3/toolchain/bin/../lib/gcc/arm-none-eabi/4.8.4/../../../../arm-none-eabi/lib/armv7e-m/fpu\libg_s.a(lib_a-memset.o)
 .debug_frame   0x00000cbc       0x20 c:/freescale/kds_v3/toolchain/bin/../lib/gcc/arm-none-eabi/4.8.4/../../../../arm-none-eabi/lib/armv7e-m/fpu\libnosys.a(_exit.o)
